<?xml version="1.0" encoding="utf-8"?><testsuites name="pytest tests"><testsuite name="pytest" errors="0" failures="0" skipped="0" tests="1" time="29.030" timestamp="2026-09-30T19:29:38.455151-03:00" hostname="GFT-8R3DL94"><testcase classname="tests.test_foo" name="test_navegacao" time="28.977" /></testsuite></testsuites>